{
  "logName": "Chilly_Gonzales_-_Bermuda_Triangle.log",
  "logFile": "./logs/Chilly_Gonzales_-_Bermuda_Triangle.log",
  "scoreLength": 301,
  "sessionCount": 15,
  "sessionLog": [
    "Session 1: Tuesday, July 01st at 11:21. Duration: 7min53s",
    "Session 2: Wednesday, July 02nd at 13:58. Duration: 9min9s",
    "Session 3: Friday, November 07th at 23:21. Duration: 7min42s",
    "Session 4: Saturday, November 08th at 12:08. Duration: 13min31s",
    "Session 5: Tuesday, November 11th at 16:19. Duration: 8min24s",
    "Session 6: Thursday, November 13th at 21:40. Duration: 11min42s",
    "Session 7: Saturday, November 15th at 00:41. Duration: 5min58s",
    "Session 8: Sunday, November 16th at 12:30. Duration: 9min23s",
    "Session 9: Thursday, November 20th at 20:46. Duration: 8min38s",
    "Session 10: Thursday, November 20th at 23:27. Duration: 21min50s",
    "Session 11: Sunday, November 23rd at 14:52. Duration: 9min31s",
    "Session 12: Saturday, December 06th at 14:26. Duration: 16min23s",
    "Session 13: Sunday, January 04th at 22:41. Duration: 5min32s",
    "Session 14: Friday, June 12th (2026) at 21:35. Duration: 17min58s",
    "Session 15: Saturday, June 20th (2026) at 19:09. Duration: 5min53s"
  ],
  "totalPracticeTime_sec": 9567,
  "cursorHistogram": {},
  "cursorWrongNoteCount": {
    "1": 2,
    "2": 2,
    "3": 2,
    "4": 2,
    "5": 3,
    "6": 16,
    "9": 46,
    "10": 19,
    "12": 1,
    "16": 4,
    "17": 9,
    "18": 2,
    "7": 11,
    "8": 30,
    "11": 1,
    "13": 2,
    "14": 7,
    "15": 1,
    "24": 2,
    "25": 1,
    "26": 2,
    "27": 5,
    "28": 15,
    "31": 25,
    "32": 24,
    "33": 3,
    "34": 20,
    "36": 21,
    "37": 5,
    "38": 6,
    "39": 4,
    "44": 5,
    "45": 5,
    "20": 1,
    "23": 2,
    "19": 1,
    "22": 2,
    "29": 15,
    "21": 2,
    "0": 3,
    "46": 1,
    "35": 23,
    "30": 6,
    "48": 2,
    "49": 1,
    "50": 9,
    "51": 8,
    "40": 2,
    "41": 20,
    "42": 21,
    "43": 13,
    "52": 2,
    "53": 4,
    "54": 1,
    "47": 1,
    "58": 1,
    "59": 1,
    "61": 2,
    "64": 1,
    "62": 2,
    "63": 1,
    "72": 1,
    "73": 2,
    "78": 1,
    "83": 2,
    "89": 1,
    "90": 2,
    "91": 1,
    "93": 6,
    "94": 5,
    "95": 7,
    "96": 3,
    "97": 2,
    "98": 1,
    "99": 2,
    "100": 4,
    "101": 2,
    "102": 1,
    "104": 4,
    "105": 4,
    "106": 2,
    "109": 2,
    "112": 1,
    "114": 2,
    "115": 1,
    "116": 1,
    "118": 1,
    "119": 2,
    "120": 2,
    "121": 2,
    "125": 2,
    "126": 1,
    "66": 2,
    "67": 1,
    "68": 1,
    "71": 1,
    "74": 2,
    "75": 1,
    "76": 1,
    "77": 2,
    "84": 1,
    "103": 2,
    "107": 2,
    "111": 2,
    "113": 1,
    "122": 2,
    "123": 2,
    "127": 1,
    "131": 1,
    "132": 1,
    "134": 2,
    "135": 1,
    "136": 1,
    "140": 1,
    "141": 1,
    "142": 1,
    "143": 1,
    "144": 1,
    "146": 1,
    "148": 1,
    "149": 1,
    "150": 1,
    "153": 1,
    "154": 1,
    "60": 2,
    "110": 2,
    "108": 2,
    "129": 1,
    "130": 1,
    "133": 1,
    "56": 1,
    "82": 2,
    "128": 1,
    "137": 1,
    "138": 1,
    "147": 1,
    "92": 4,
    "117": 1,
    "145": 1,
    "79": 2,
    "81": 2,
    "80": 1,
    "86": 1,
    "87": 1,
    "88": 1,
    "65": 1,
    "0": 1,
    "8": 10,
    "9": 16,
    "28": 1,
    "29": 2,
    "31": 13,
    "32": 12,
    "34": 12,
    "35": 12,
    "36": 10,
    "41": 8,
    "42": 9,
    "5": 2,
    "6": 5,
    "7": 4,
    "43": 5,
    "50": 5,
    "51": 4,
    "52": 3,
    "10": 2,
    "23": 3,
    "37": 1,
    "38": 1,
    "17": 3,
    "18": 2,
    "39": 1,
    "44": 2,
    "53": 4,
    "72": 1,
    "73": 1,
    "75": 1,
    "76": 1,
    "77": 1,
    "49": 1,
    "33": 1,
    "30": 1,
    "1": 1,
    "54": 3,
    "61": 1,
    "3": 1,
    "11": 1,
    "19": 1,
    "48": 1,
    "57": 1
  },
  "comboHighestAllTime": 54,
  "playedNotes": 0,
  "playedNotesValid": 0
}